[2019-01-19 14:08:41,914: DEBUG/ForkPoolWorker-2] POST http://127.0.0.1:60762/wd/hub/session/f2ddece0-1be2-11e9-bb24-25e7ff68fc59/frame {"id": {"ELEMENT": ":wdc:1547899721830", "element-6066-11e4-a52e-4f735466cecf": ":wdc:1547899721830"}, "sessionId": "f2ddece0-1be2-11e9-bb24-25e7ff68fc59"}
[2019-01-19 14:08:41,915: DEBUG/ForkPoolWorker-2] Starting new HTTP connection (1): 127.0.0.1:60762
[2019-01-19 14:08:41,929: DEBUG/ForkPoolWorker-2] http://127.0.0.1:60762 "POST /wd/hub/session/f2ddece0-1be2-11e9-bb24-25e7ff68fc59/frame HTTP/1.1" 200 74
[2019-01-19 14:08:41,931: DEBUG/ForkPoolWorker-2] Finished Request
[2019-01-19 14:08:41,932: DEBUG/ForkPoolWorker-2] GET http://127.0.0.1:60762/wd/hub/session/f2ddece0-1be2-11e9-bb24-25e7ff68fc59/source {"sessionId": "f2ddece0-1be2-11e9-bb24-25e7ff68fc59"}
[2019-01-19 14:08:41,933: DEBUG/ForkPoolWorker-2] Starting new HTTP connection (1): 127.0.0.1:60762
[2019-01-19 14:08:41,939: DEBUG/ForkPoolWorker-2] http://127.0.0.1:60762 "GET /wd/hub/session/f2ddece0-1be2-11e9-bb24-25e7ff68fc59/source HTTP/1.1" 200 1983
[2019-01-19 14:08:41,940: DEBUG/ForkPoolWorker-2] Finished Request
[2019-01-19 14:08:41,942: DEBUG/ForkPoolWorker-2] POST http://127.0.0.1:60762/wd/hub/session/f2ddece0-1be2-11e9-bb24-25e7ff68fc59/frame {"id": null, "sessionId": "f2ddece0-1be2-11e9-bb24-25e7ff68fc59"}
[2019-01-19 14:08:41,943: DEBUG/ForkPoolWorker-2] Starting new HTTP connection (1): 127.0.0.1:60762
[2019-01-19 14:08:41,949: DEBUG/ForkPoolWorker-2] http://127.0.0.1:60762 "POST /wd/hub/session/f2ddece0-1be2-11e9-bb24-25e7ff68fc59/frame HTTP/1.1" 200 74
[2019-01-19 14:08:41,951: DEBUG/ForkPoolWorker-2] Finished Request
[2019-01-19 14:08:41,953: DEBUG/ForkPoolWorker-2] POST http://127.0.0.1:60762/wd/hub/session/f2ddece0-1be2-11e9-bb24-25e7ff68fc59/frame {"id": {"ELEMENT": ":wdc:1547899721831", "element-6066-11e4-a52e-4f735466cecf": ":wdc:1547899721831"}, "sessionId": "f2ddece0-1be2-11e9-bb24-25e7ff68fc59"}
[2019-01-19 14:08:41,954: DEBUG/ForkPoolWorker-2] Starting new HTTP connection (1): 127.0.0.1:60762
[2019-01-19 14:08:41,968: DEBUG/ForkPoolWorker-2] http://127.0.0.1:60762 "POST /wd/hub/session/f2ddece0-1be2-11e9-bb24-25e7ff68fc59/frame HTTP/1.1" 200 74
[2019-01-19 14:08:41,970: DEBUG/ForkPoolWorker-2] Finished Request
[2019-01-19 14:08:41,972: DEBUG/ForkPoolWorker-2] GET http://127.0.0.1:60762/wd/hub/session/f2ddece0-1be2-11e9-bb24-25e7ff68fc59/source {"sessionId": "f2ddece0-1be2-11e9-bb24-25e7ff68fc59"}
[2019-01-19 14:08:41,974: DEBUG/ForkPoolWorker-2] Starting new HTTP connection (1): 127.0.0.1:60762
[2019-01-19 14:08:41,993: DEBUG/ForkPoolWorker-2] http://127.0.0.1:60762 "GET /wd/hub/session/f2ddece0-1be2-11e9-bb24-25e7ff68fc59/source HTTP/1.1" 200 41151
[2019-01-19 14:08:41,996: DEBUG/ForkPoolWorker-2] Finished Request
[2019-01-19 14:08:41,999: DEBUG/ForkPoolWorker-2] POST http://127.0.0.1:60762/wd/hub/session/f2ddece0-1be2-11e9-bb24-25e7ff68fc59/frame {"id": null, "sessionId": "f2ddece0-1be2-11e9-bb24-25e7ff68fc59"}
[2019-01-19 14:08:42,001: DEBUG/ForkPoolWorker-2] Starting new HTTP connection (1): 127.0.0.1:60762
[2019-01-19 14:08:42,009: DEBUG/ForkPoolWorker-2] http://127.0.0.1:60762 "POST /wd/hub/session/f2ddece0-1be2-11e9-bb24-25e7ff68fc59/frame HTTP/1.1" 200 74
[2019-01-19 14:08:42,010: DEBUG/ForkPoolWorker-2] Finished Request
[2019-01-19 14:08:42,012: DEBUG/ForkPoolWorker-2] POST http://127.0.0.1:60762/wd/hub/session/f2ddece0-1be2-11e9-bb24-25e7ff68fc59/frame {"id": {"ELEMENT": ":wdc:1547899721832", "element-6066-11e4-a52e-4f735466cecf": ":wdc:1547899721832"}, "sessionId": "f2ddece0-1be2-11e9-bb24-25e7ff68fc59"}
[2019-01-19 14:08:42,014: DEBUG/ForkPoolWorker-2] Starting new HTTP connection (1): 127.0.0.1:60762
[2019-01-19 14:08:42,029: DEBUG/ForkPoolWorker-2] http://127.0.0.1:60762 "POST /wd/hub/session/f2ddece0-1be2-11e9-bb24-25e7ff68fc59/frame HTTP/1.1" 200 74
[2019-01-19 14:08:42,031: DEBUG/ForkPoolWorker-2] Finished Request
[2019-01-19 14:08:42,033: DEBUG/ForkPoolWorker-2] GET http://127.0.0.1:60762/wd/hub/session/f2ddece0-1be2-11e9-bb24-25e7ff68fc59/source {"sessionId": "f2ddece0-1be2-11e9-bb24-25e7ff68fc59"}
[2019-01-19 14:08:42,035: DEBUG/ForkPoolWorker-2] Starting new HTTP connection (1): 127.0.0.1:60762
[2019-01-19 14:08:42,039: DEBUG/ForkPoolWorker-2] http://127.0.0.1:60762 "GET /wd/hub/session/f2ddece0-1be2-11e9-bb24-25e7ff68fc59/source HTTP/1.1" 200 113
[2019-01-19 14:08:42,041: DEBUG/ForkPoolWorker-2] Finished Request
[2019-01-19 14:08:42,043: DEBUG/ForkPoolWorker-2] POST http://127.0.0.1:60762/wd/hub/session/f2ddece0-1be2-11e9-bb24-25e7ff68fc59/frame {"id": null, "sessionId": "f2ddece0-1be2-11e9-bb24-25e7ff68fc59"}
[2019-01-19 14:08:42,045: DEBUG/ForkPoolWorker-2] Starting new HTTP connection (1): 127.0.0.1:60762
[2019-01-19 14:08:42,050: DEBUG/ForkPoolWorker-2] http://127.0.0.1:60762 "POST /wd/hub/session/f2ddece0-1be2-11e9-bb24-25e7ff68fc59/frame HTTP/1.1" 200 74
[2019-01-19 14:08:42,052: DEBUG/ForkPoolWorker-2] Finished Request
[2019-01-19 14:08:42,054: DEBUG/ForkPoolWorker-2] POST http://127.0.0.1:60762/wd/hub/session/f2ddece0-1be2-11e9-bb24-25e7ff68fc59/frame {"id": {"ELEMENT": ":wdc:1547899721833", "element-6066-11e4-a52e-4f735466cecf": ":wdc:1547899721833"}, "sessionId": "f2ddece0-1be2-11e9-bb24-25e7ff68fc59"}
[2019-01-19 14:08:42,056: DEBUG/ForkPoolWorker-2] Starting new HTTP connection (1): 127.0.0.1:60762
[2019-01-19 14:08:42,069: DEBUG/ForkPoolWorker-2] http://127.0.0.1:60762 "POST /wd/hub/session/f2ddece0-1be2-11e9-bb24-25e7ff68fc59/frame HTTP/1.1" 200 74
[2019-01-19 14:08:42,071: DEBUG/ForkPoolWorker-2] Finished Request
[2019-01-19 14:08:42,076: DEBUG/ForkPoolWorker-2] GET http://127.0.0.1:60762/wd/hub/session/f2ddece0-1be2-11e9-bb24-25e7ff68fc59/source {"sessionId": "f2ddece0-1be2-11e9-bb24-25e7ff68fc59"}
[2019-01-19 14:08:42,078: DEBUG/ForkPoolWorker-2] Starting new HTTP connection (1): 127.0.0.1:60762
[2019-01-19 14:08:42,086: DEBUG/ForkPoolWorker-2] http://127.0.0.1:60762 "GET /wd/hub/session/f2ddece0-1be2-11e9-bb24-25e7ff68fc59/source HTTP/1.1" 200 1959
[2019-01-19 14:08:42,088: DEBUG/ForkPoolWorker-2] Finished Request
[2019-01-19 14:08:42,090: DEBUG/ForkPoolWorker-2] POST http://127.0.0.1:60762/wd/hub/session/f2ddece0-1be2-11e9-bb24-25e7ff68fc59/frame {"id": null, "sessionId": "f2ddece0-1be2-11e9-bb24-25e7ff68fc59"}
[2019-01-19 14:08:42,092: DEBUG/ForkPoolWorker-2] Starting new HTTP connection (1): 127.0.0.1:60762
[2019-01-19 14:08:42,098: DEBUG/ForkPoolWorker-2] http://127.0.0.1:60762 "POST /wd/hub/session/f2ddece0-1be2-11e9-bb24-25e7ff68fc59/frame HTTP/1.1" 200 74
[2019-01-19 14:08:42,100: DEBUG/ForkPoolWorker-2] Finished Request
[2019-01-19 14:08:42,102: DEBUG/ForkPoolWorker-2] POST http://127.0.0.1:60762/wd/hub/session/f2ddece0-1be2-11e9-bb24-25e7ff68fc59/frame {"id": {"ELEMENT": ":wdc:1547899721834", "element-6066-11e4-a52e-4f735466cecf": ":wdc:1547899721834"}, "sessionId": "f2ddece0-1be2-11e9-bb24-25e7ff68fc59"}
[2019-01-19 14:08:42,104: DEBUG/ForkPoolWorker-2] Starting new HTTP connection (1): 127.0.0.1:60762
[2019-01-19 14:08:42,118: DEBUG/ForkPoolWorker-2] http://127.0.0.1:60762 "POST /wd/hub/session/f2ddece0-1be2-11e9-bb24-25e7ff68fc59/frame HTTP/1.1" 200 74
[2019-01-19 14:08:42,120: DEBUG/ForkPoolWorker-2] Finished Request
[2019-01-19 14:08:42,121: DEBUG/ForkPoolWorker-2] GET http://127.0.0.1:60762/wd/hub/session/f2ddece0-1be2-11e9-bb24-25e7ff68fc59/source {"sessionId": "f2ddece0-1be2-11e9-bb24-25e7ff68fc59"}
[2019-01-19 14:08:42,123: DEBUG/ForkPoolWorker-2] Starting new HTTP connection (1): 127.0.0.1:60762
[2019-01-19 14:08:42,129: DEBUG/ForkPoolWorker-2] http://127.0.0.1:60762 "GET /wd/hub/session/f2ddece0-1be2-11e9-bb24-25e7ff68fc59/source HTTP/1.1" 200 113
[2019-01-19 14:08:42,131: DEBUG/ForkPoolWorker-2] Finished Request
[2019-01-19 14:08:42,132: DEBUG/ForkPoolWorker-2] POST http://127.0.0.1:60762/wd/hub/session/f2ddece0-1be2-11e9-bb24-25e7ff68fc59/frame {"id": null, "sessionId": "f2ddece0-1be2-11e9-bb24-25e7ff68fc59"}
[2019-01-19 14:08:42,135: DEBUG/ForkPoolWorker-2] Starting new HTTP connection (1): 127.0.0.1:60762
[2019-01-19 14:08:42,141: DEBUG/ForkPoolWorker-2] http://127.0.0.1:60762 "POST /wd/hub/session/f2ddece0-1be2-11e9-bb24-25e7ff68fc59/frame HTTP/1.1" 200 74
[2019-01-19 14:08:42,143: DEBUG/ForkPoolWorker-2] Finished Request
[2019-01-19 14:08:42,145: DEBUG/ForkPoolWorker-2] POST http://127.0.0.1:60762/wd/hub/session/f2ddece0-1be2-11e9-bb24-25e7ff68fc59/frame {"id": {"ELEMENT": ":wdc:1547899721835", "element-6066-11e4-a52e-4f735466cecf": ":wdc:1547899721835"}, "sessionId": "f2ddece0-1be2-11e9-bb24-25e7ff68fc59"}
[2019-01-19 14:08:42,147: DEBUG/ForkPoolWorker-2] Starting new HTTP connection (1): 127.0.0.1:60762
[2019-01-19 14:08:42,163: DEBUG/ForkPoolWorker-2] http://127.0.0.1:60762 "POST /wd/hub/session/f2ddece0-1be2-11e9-bb24-25e7ff68fc59/frame HTTP/1.1" 200 74
[2019-01-19 14:08:42,165: DEBUG/ForkPoolWorker-2] Finished Request
[2019-01-19 14:08:42,167: DEBUG/ForkPoolWorker-2] GET http://127.0.0.1:60762/wd/hub/session/f2ddece0-1be2-11e9-bb24-25e7ff68fc59/source {"sessionId": "f2ddece0-1be2-11e9-bb24-25e7ff68fc59"}
[2019-01-19 14:08:42,169: DEBUG/ForkPoolWorker-2] Starting new HTTP connection (1): 127.0.0.1:60762
[2019-01-19 14:08:42,184: DEBUG/ForkPoolWorker-2] http://127.0.0.1:60762 "GET /wd/hub/session/f2ddece0-1be2-11e9-bb24-25e7ff68fc59/source HTTP/1.1" 200 41151
[2019-01-19 14:08:42,188: DEBUG/ForkPoolWorker-2] Finished Request
[2019-01-19 14:08:42,190: DEBUG/ForkPoolWorker-2] POST http://127.0.0.1:60762/wd/hub/session/f2ddece0-1be2-11e9-bb24-25e7ff68fc59/frame {"id": null, "sessionId": "f2ddece0-1be2-11e9-bb24-25e7ff68fc59"}
[2019-01-19 14:08:42,192: DEBUG/ForkPoolWorker-2] Starting new HTTP connection (1): 127.0.0.1:60762
[2019-01-19 14:08:42,200: DEBUG/ForkPoolWorker-2] http://127.0.0.1:60762 "POST /wd/hub/session/f2ddece0-1be2-11e9-bb24-25e7ff68fc59/frame HTTP/1.1" 200 74
[2019-01-19 14:08:42,203: DEBUG/ForkPoolWorker-2] Finished Request
[2019-01-19 14:08:42,205: DEBUG/ForkPoolWorker-2] POST http://127.0.0.1:60762/wd/hub/session/f2ddece0-1be2-11e9-bb24-25e7ff68fc59/frame {"id": {"ELEMENT": ":wdc:1547899721836", "element-6066-11e4-a52e-4f735466cecf": ":wdc:1547899721836"}, "sessionId": "f2ddece0-1be2-11e9-bb24-25e7ff68fc59"}
[2019-01-19 14:08:42,207: DEBUG/ForkPoolWorker-2] Starting new HTTP connection (1): 127.0.0.1:60762
[2019-01-19 14:08:42,221: DEBUG/ForkPoolWorker-2] http://127.0.0.1:60762 "POST /wd/hub/session/f2ddece0-1be2-11e9-bb24-25e7ff68fc59/frame HTTP/1.1" 200 74
[2019-01-19 14:08:42,222: DEBUG/ForkPoolWorker-2] Finished Request
[2019-01-19 14:08:42,224: DEBUG/ForkPoolWorker-2] GET http://127.0.0.1:60762/wd/hub/session/f2ddece0-1be2-11e9-bb24-25e7ff68fc59/source {"sessionId": "f2ddece0-1be2-11e9-bb24-25e7ff68fc59"}
[2019-01-19 14:08:42,226: DEBUG/ForkPoolWorker-2] Starting new HTTP connection (1): 127.0.0.1:60762
[2019-01-19 14:08:42,233: DEBUG/ForkPoolWorker-2] http://127.0.0.1:60762 "GET /wd/hub/session/f2ddece0-1be2-11e9-bb24-25e7ff68fc59/source HTTP/1.1" 200 1563
[2019-01-19 14:08:42,235: DEBUG/ForkPoolWorker-2] Finished Request
[2019-01-19 14:08:42,237: DEBUG/ForkPoolWorker-2] POST http://127.0.0.1:60762/wd/hub/session/f2ddece0-1be2-11e9-bb24-25e7ff68fc59/frame {"id": null, "sessionId": "f2ddece0-1be2-11e9-bb24-25e7ff68fc59"}
[2019-01-19 14:08:42,239: DEBUG/ForkPoolWorker-2] Starting new HTTP connection (1): 127.0.0.1:60762
[2019-01-19 14:08:42,245: DEBUG/ForkPoolWorker-2] http://127.0.0.1:60762 "POST /wd/hub/session/f2ddece0-1be2-11e9-bb24-25e7ff68fc59/frame HTTP/1.1" 200 74
[2019-01-19 14:08:42,247: DEBUG/ForkPoolWorker-2] Finished Request
[2019-01-19 14:08:42,249: DEBUG/ForkPoolWorker-2] POST http://127.0.0.1:60762/wd/hub/session/f2ddece0-1be2-11e9-bb24-25e7ff68fc59/frame {"id": {"ELEMENT": ":wdc:1547899721837", "element-6066-11e4-a52e-4f735466cecf": ":wdc:1547899721837"}, "sessionId": "f2ddece0-1be2-11e9-bb24-25e7ff68fc59"}
[2019-01-19 14:08:42,252: DEBUG/ForkPoolWorker-2] Starting new HTTP connection (1): 127.0.0.1:60762
[2019-01-19 14:08:42,264: DEBUG/ForkPoolWorker-2] http://127.0.0.1:60762 "POST /wd/hub/session/f2ddece0-1be2-11e9-bb24-25e7ff68fc59/frame HTTP/1.1" 200 74
[2019-01-19 14:08:42,265: DEBUG/ForkPoolWorker-2] Finished Request
[2019-01-19 14:08:42,267: DEBUG/ForkPoolWorker-2] GET http://127.0.0.1:60762/wd/hub/session/f2ddece0-1be2-11e9-bb24-25e7ff68fc59/source {"sessionId": "f2ddece0-1be2-11e9-bb24-25e7ff68fc59"}
[2019-01-19 14:08:42,269: DEBUG/ForkPoolWorker-2] Starting new HTTP connection (1): 127.0.0.1:60762
[2019-01-19 14:08:42,274: DEBUG/ForkPoolWorker-2] http://127.0.0.1:60762 "GET /wd/hub/session/f2ddece0-1be2-11e9-bb24-25e7ff68fc59/source HTTP/1.1" 200 4837
[2019-01-19 14:08:42,276: DEBUG/ForkPoolWorker-2] Finished Request
[2019-01-19 14:08:42,277: DEBUG/ForkPoolWorker-2] POST http://127.0.0.1:60762/wd/hub/session/f2ddece0-1be2-11e9-bb24-25e7ff68fc59/frame {"id": null, "sessionId": "f2ddece0-1be2-11e9-bb24-25e7ff68fc59"}
[2019-01-19 14:08:42,279: DEBUG/ForkPoolWorker-2] Starting new HTTP connection (1): 127.0.0.1:60762
[2019-01-19 14:08:42,285: DEBUG/ForkPoolWorker-2] http://127.0.0.1:60762 "POST /wd/hub/session/f2ddece0-1be2-11e9-bb24-25e7ff68fc59/frame HTTP/1.1" 200 74
[2019-01-19 14:08:42,287: DEBUG/ForkPoolWorker-2] Finished Request
[2019-01-19 14:08:42,289: DEBUG/ForkPoolWorker-2] POST http://127.0.0.1:60762/wd/hub/session/f2ddece0-1be2-11e9-bb24-25e7ff68fc59/frame {"id": {"ELEMENT": ":wdc:1547899721838", "element-6066-11e4-a52e-4f735466cecf": ":wdc:1547899721838"}, "sessionId": "f2ddece0-1be2-11e9-bb24-25e7ff68fc59"}
[2019-01-19 14:08:42,291: DEBUG/ForkPoolWorker-2] Starting new HTTP connection (1): 127.0.0.1:60762
[2019-01-19 14:08:42,309: DEBUG/ForkPoolWorker-2] http://127.0.0.1:60762 "POST /wd/hub/session/f2ddece0-1be2-11e9-bb24-25e7ff68fc59/frame HTTP/1.1" 200 74
[2019-01-19 14:08:42,311: DEBUG/ForkPoolWorker-2] Finished Request
[2019-01-19 14:08:42,313: DEBUG/ForkPoolWorker-2] GET http://127.0.0.1:60762/wd/hub/session/f2ddece0-1be2-11e9-bb24-25e7ff68fc59/source {"sessionId": "f2ddece0-1be2-11e9-bb24-25e7ff68fc59"}
[2019-01-19 14:08:42,315: DEBUG/ForkPoolWorker-2] Starting new HTTP connection (1): 127.0.0.1:60762
[2019-01-19 14:08:42,322: DEBUG/ForkPoolWorker-2] http://127.0.0.1:60762 "GET /wd/hub/session/f2ddece0-1be2-11e9-bb24-25e7ff68fc59/source HTTP/1.1" 200 321
[2019-01-19 14:08:42,323: DEBUG/ForkPoolWorker-2] Finished Request
[2019-01-19 14:08:42,325: DEBUG/ForkPoolWorker-2] POST http://127.0.0.1:60762/wd/hub/session/f2ddece0-1be2-11e9-bb24-25e7ff68fc59/frame {"id": null, "sessionId": "f2ddece0-1be2-11e9-bb24-25e7ff68fc59"}
[2019-01-19 14:08:42,327: DEBUG/ForkPoolWorker-2] Starting new HTTP connection (1): 127.0.0.1:60762
[2019-01-19 14:08:42,332: DEBUG/ForkPoolWorker-2] http://127.0.0.1:60762 "POST /wd/hub/session/f2ddece0-1be2-11e9-bb24-25e7ff68fc59/frame HTTP/1.1" 200 74
[2019-01-19 14:08:42,334: DEBUG/ForkPoolWorker-2] Finished Request
[2019-01-19 14:08:42,335: DEBUG/ForkPoolWorker-2] POST http://127.0.0.1:60762/wd/hub/session/f2ddece0-1be2-11e9-bb24-25e7ff68fc59/frame {"id": {"ELEMENT": ":wdc:1547899721839", "element-6066-11e4-a52e-4f735466cecf": ":wdc:1547899721839"}, "sessionId": "f2ddece0-1be2-11e9-bb24-25e7ff68fc59"}
[2019-01-19 14:08:42,337: DEBUG/ForkPoolWorker-2] Starting new HTTP connection (1): 127.0.0.1:60762
[2019-01-19 14:08:42,350: DEBUG/ForkPoolWorker-2] http://127.0.0.1:60762 "POST /wd/hub/session/f2ddece0-1be2-11e9-bb24-25e7ff68fc59/frame HTTP/1.1" 200 74
[2019-01-19 14:08:42,351: DEBUG/ForkPoolWorker-2] Finished Request
[2019-01-19 14:08:42,353: DEBUG/ForkPoolWorker-2] GET http://127.0.0.1:60762/wd/hub/session/f2ddece0-1be2-11e9-bb24-25e7ff68fc59/source {"sessionId": "f2ddece0-1be2-11e9-bb24-25e7ff68fc59"}
[2019-01-19 14:08:42,355: DEBUG/ForkPoolWorker-2] Starting new HTTP connection (1): 127.0.0.1:60762
[2019-01-19 14:08:42,364: DEBUG/ForkPoolWorker-2] http://127.0.0.1:60762 "GET /wd/hub/session/f2ddece0-1be2-11e9-bb24-25e7ff68fc59/source HTTP/1.1" 200 16858
[2019-01-19 14:08:42,366: DEBUG/ForkPoolWorker-2] Finished Request
[2019-01-19 14:08:42,368: DEBUG/ForkPoolWorker-2] POST http://127.0.0.1:60762/wd/hub/session/f2ddece0-1be2-11e9-bb24-25e7ff68fc59/frame {"id": null, "sessionId": "f2ddece0-1be2-11e9-bb24-25e7ff68fc59"}
[2019-01-19 14:08:42,369: DEBUG/ForkPoolWorker-2] Starting new HTTP connection (1): 127.0.0.1:60762
[2019-01-19 14:08:42,374: DEBUG/ForkPoolWorker-2] http://127.0.0.1:60762 "POST /wd/hub/session/f2ddece0-1be2-11e9-bb24-25e7ff68fc59/frame HTTP/1.1" 200 74
[2019-01-19 14:08:42,376: DEBUG/ForkPoolWorker-2] Finished Request
[2019-01-19 14:08:42,377: DEBUG/ForkPoolWorker-2] GET http://127.0.0.1:60762/wd/hub/session/f2ddece0-1be2-11e9-bb24-25e7ff68fc59/url {"sessionId": "f2ddece0-1be2-11e9-bb24-25e7ff68fc59"}
[2019-01-19 14:08:42,379: DEBUG/ForkPoolWorker-2] Starting new HTTP connection (1): 127.0.0.1:60762
[2019-01-19 14:08:42,385: DEBUG/ForkPoolWorker-3] GET http://127.0.0.1:60708/wd/hub/session/f2108ac0-1be2-11e9-9944-8b859b33b988/source {"sessionId": "f2108ac0-1be2-11e9-9944-8b859b33b988"}
[2019-01-19 14:08:42,387: DEBUG/ForkPoolWorker-3] Starting new HTTP connection (1): 127.0.0.1:60708
[2019-01-19 14:08:42,392: DEBUG/ForkPoolWorker-2] http://127.0.0.1:60762 "GET /wd/hub/session/f2ddece0-1be2-11e9-bb24-25e7ff68fc59/url HTTP/1.1" 200 115
[2019-01-19 14:08:42,394: DEBUG/ForkPoolWorker-2] Finished Request
[2019-01-19 14:08:42,407: DEBUG/ForkPoolWorker-2] DELETE http://127.0.0.1:60762/wd/hub/session/f2ddece0-1be2-11e9-bb24-25e7ff68fc59 {"sessionId": "f2ddece0-1be2-11e9-bb24-25e7ff68fc59"}
[2019-01-19 14:08:42,409: DEBUG/ForkPoolWorker-2] Starting new HTTP connection (1): 127.0.0.1:60762
[2019-01-19 14:08:42,417: DEBUG/ForkPoolWorker-3] http://127.0.0.1:60708 "GET /wd/hub/session/f2108ac0-1be2-11e9-9944-8b859b33b988/source HTTP/1.1" 200 59353
[2019-01-19 14:08:42,420: DEBUG/ForkPoolWorker-3] Finished Request
[2019-01-19 14:08:42,422: DEBUG/ForkPoolWorker-3] POST http://127.0.0.1:60708/wd/hub/session/f2108ac0-1be2-11e9-9944-8b859b33b988/elements {"using": "tag name", "value": "iframe", "sessionId": "f2108ac0-1be2-11e9-9944-8b859b33b988"}
[2019-01-19 14:08:42,423: DEBUG/ForkPoolWorker-2] http://127.0.0.1:60762 "DELETE /wd/hub/session/f2ddece0-1be2-11e9-bb24-25e7ff68fc59 HTTP/1.1" 200 74
[2019-01-19 14:08:42,424: DEBUG/ForkPoolWorker-3] Starting new HTTP connection (1): 127.0.0.1:60708
[2019-01-19 14:08:42,424: DEBUG/ForkPoolWorker-2] Finished Request
[2019-01-19 14:08:42,441: DEBUG/ForkPoolWorker-3] http://127.0.0.1:60708 "POST /wd/hub/session/f2108ac0-1be2-11e9-9944-8b859b33b988/elements HTTP/1.1" 200 106
[2019-01-19 14:08:42,443: DEBUG/ForkPoolWorker-3] Finished Request
[2019-01-19 14:08:42,445: DEBUG/ForkPoolWorker-3] POST http://127.0.0.1:60708/wd/hub/session/f2108ac0-1be2-11e9-9944-8b859b33b988/frame {"id": {"ELEMENT": ":wdc:1547899717319", "element-6066-11e4-a52e-4f735466cecf": ":wdc:1547899717319"}, "sessionId": "f2108ac0-1be2-11e9-9944-8b859b33b988"}
[2019-01-19 14:08:42,446: DEBUG/ForkPoolWorker-3] Starting new HTTP connection (1): 127.0.0.1:60708
[2019-01-19 14:08:42,456: DEBUG/ForkPoolWorker-3] http://127.0.0.1:60708 "POST /wd/hub/session/f2108ac0-1be2-11e9-9944-8b859b33b988/frame HTTP/1.1" 200 74
[2019-01-19 14:08:42,458: DEBUG/ForkPoolWorker-3] Finished Request
[2019-01-19 14:08:42,460: DEBUG/ForkPoolWorker-3] GET http://127.0.0.1:60708/wd/hub/session/f2108ac0-1be2-11e9-9944-8b859b33b988/source {"sessionId": "f2108ac0-1be2-11e9-9944-8b859b33b988"}
[2019-01-19 14:08:42,462: DEBUG/ForkPoolWorker-3] Starting new HTTP connection (1): 127.0.0.1:60708
[2019-01-19 14:08:42,475: INFO/ForkPoolWorker-2] DreamTV_world.tasks.task_parse_url[7724050e-22cc-4522-9ae1-92496542a733]: http://jarvisvideos.xyz/watch/!key!
[2019-01-19 14:08:42,479: DEBUG/ForkPoolWorker-3] http://127.0.0.1:60708 "GET /wd/hub/session/f2108ac0-1be2-11e9-9944-8b859b33b988/source HTTP/1.1" 200 41151
[2019-01-19 14:08:42,480: WARNING/ForkPoolWorker-2] --- Logging error ---
[2019-01-19 14:08:42,481: WARNING/ForkPoolWorker-2] Traceback (most recent call last):
[2019-01-19 14:08:42,482: DEBUG/ForkPoolWorker-3] Finished Request
[2019-01-19 14:08:42,483: WARNING/ForkPoolWorker-2] File "/usr/local/Cellar/python/3.7.0/Frameworks/Python.framework/Versions/3.7/lib/python3.7/logging/__init__.py", line 983, in emit
    msg = self.format(record)
[2019-01-19 14:08:42,484: DEBUG/ForkPoolWorker-3] POST http://127.0.0.1:60708/wd/hub/session/f2108ac0-1be2-11e9-9944-8b859b33b988/frame {"id": null, "sessionId": "f2108ac0-1be2-11e9-9944-8b859b33b988"}
[2019-01-19 14:08:42,484: WARNING/ForkPoolWorker-2] File "/usr/local/Cellar/python/3.7.0/Frameworks/Python.framework/Versions/3.7/lib/python3.7/logging/__init__.py", line 829, in format
    return fmt.format(record)
[2019-01-19 14:08:42,485: DEBUG/ForkPoolWorker-3] Starting new HTTP connection (1): 127.0.0.1:60708
[2019-01-19 14:08:42,486: WARNING/ForkPoolWorker-2] File "/Users/mymac/PycharmProjects/DreamTV_world/venv/lib/python3.7/site-packages/celery/app/log.py", line 46, in format
    return ColorFormatter.format(self, record)
[2019-01-19 14:08:42,487: WARNING/ForkPoolWorker-2] File "/Users/mymac/PycharmProjects/DreamTV_world/venv/lib/python3.7/site-packages/celery/utils/log.py", line 153, in format
    msg = logging.Formatter.format(self, record)
[2019-01-19 14:08:42,489: WARNING/ForkPoolWorker-2] File "/usr/local/Cellar/python/3.7.0/Frameworks/Python.framework/Versions/3.7/lib/python3.7/logging/__init__.py", line 569, in format
    record.message = record.getMessage()
[2019-01-19 14:08:42,490: WARNING/ForkPoolWorker-2] File "/usr/local/Cellar/python/3.7.0/Frameworks/Python.framework/Versions/3.7/lib/python3.7/logging/__init__.py", line 331, in getMessage
    msg = msg % self.args
[2019-01-19 14:08:42,492: DEBUG/ForkPoolWorker-3] http://127.0.0.1:60708 "POST /wd/hub/session/f2108ac0-1be2-11e9-9944-8b859b33b988/frame HTTP/1.1" 200 74
[2019-01-19 14:08:42,492: WARNING/ForkPoolWorker-2] TypeError: not all arguments converted during string formatting
[2019-01-19 14:08:42,493: WARNING/ForkPoolWorker-2] Call stack:
[2019-01-19 14:08:42,494: DEBUG/ForkPoolWorker-3] Finished Request
[2019-01-19 14:08:42,495: DEBUG/ForkPoolWorker-3] GET http://127.0.0.1:60708/wd/hub/session/f2108ac0-1be2-11e9-9944-8b859b33b988/url {"sessionId": "f2108ac0-1be2-11e9-9944-8b859b33b988"}
[2019-01-19 14:08:42,497: DEBUG/ForkPoolWorker-3] Starting new HTTP connection (1): 127.0.0.1:60708
[2019-01-19 14:08:42,498: WARNING/ForkPoolWorker-2] File "/Users/mymac/PycharmProjects/DreamTV_world/venv/bin/celery", line 11, in <module>
    sys.exit(main())
[2019-01-19 14:08:42,500: WARNING/ForkPoolWorker-2] File "/Users/mymac/PycharmProjects/DreamTV_world/venv/lib/python3.7/site-packages/celery/__main__.py", line 16, in main
    _main()
[2019-01-19 14:08:42,501: WARNING/ForkPoolWorker-2] File "/Users/mymac/PycharmProjects/DreamTV_world/venv/lib/python3.7/site-packages/celery/bin/celery.py", line 322, in main
    cmd.execute_from_commandline(argv)
[2019-01-19 14:08:42,503: WARNING/ForkPoolWorker-2] File "/Users/mymac/PycharmProjects/DreamTV_world/venv/lib/python3.7/site-packages/celery/bin/celery.py", line 496, in execute_from_commandline
    super(CeleryCommand, self).execute_from_commandline(argv)))
[2019-01-19 14:08:42,504: WARNING/ForkPoolWorker-2] File "/Users/mymac/PycharmProjects/DreamTV_world/venv/lib/python3.7/site-packages/celery/bin/base.py", line 275, in execute_from_commandline
    return self.handle_argv(self.prog_name, argv[1:])
[2019-01-19 14:08:42,505: WARNING/ForkPoolWorker-2] File "/Users/mymac/PycharmProjects/DreamTV_world/venv/lib/python3.7/site-packages/celery/bin/celery.py", line 488, in handle_argv
    return self.execute(command, argv)
[2019-01-19 14:08:42,506: DEBUG/ForkPoolWorker-3] http://127.0.0.1:60708 "GET /wd/hub/session/f2108ac0-1be2-11e9-9944-8b859b33b988/url HTTP/1.1" 200 118
[2019-01-19 14:08:42,507: WARNING/ForkPoolWorker-2] File "/Users/mymac/PycharmProjects/DreamTV_world/venv/lib/python3.7/site-packages/celery/bin/celery.py", line 420, in execute
    ).run_from_argv(self.prog_name, argv[1:], command=argv[0])
[2019-01-19 14:08:42,507: DEBUG/ForkPoolWorker-3] Finished Request
[2019-01-19 14:08:42,508: WARNING/ForkPoolWorker-2] File "/Users/mymac/PycharmProjects/DreamTV_world/venv/lib/python3.7/site-packages/celery/bin/worker.py", line 223, in run_from_argv
    return self(*args, **options)
[2019-01-19 14:08:42,509: WARNING/ForkPoolWorker-2] File "/Users/mymac/PycharmProjects/DreamTV_world/venv/lib/python3.7/site-packages/celery/bin/base.py", line 238, in __call__
    ret = self.run(*args, **kwargs)
[2019-01-19 14:08:42,510: WARNING/ForkPoolWorker-2] File "/Users/mymac/PycharmProjects/DreamTV_world/venv/lib/python3.7/site-packages/celery/bin/worker.py", line 258, in run
    worker.start()
[2019-01-19 14:08:42,510: WARNING/ForkPoolWorker-2] File "/Users/mymac/PycharmProjects/DreamTV_world/venv/lib/python3.7/site-packages/celery/worker/worker.py", line 205, in start
    self.blueprint.start(self)
[2019-01-19 14:08:42,511: DEBUG/ForkPoolWorker-3] DELETE http://127.0.0.1:60708/wd/hub/session/f2108ac0-1be2-11e9-9944-8b859b33b988 {"sessionId": "f2108ac0-1be2-11e9-9944-8b859b33b988"}
[2019-01-19 14:08:42,512: WARNING/ForkPoolWorker-2] File "/Users/mymac/PycharmProjects/DreamTV_world/venv/lib/python3.7/site-packages/celery/bootsteps.py", line 119, in start
    step.start(parent)
[2019-01-19 14:08:42,513: WARNING/ForkPoolWorker-2] File "/Users/mymac/PycharmProjects/DreamTV_world/venv/lib/python3.7/site-packages/celery/bootsteps.py", line 369, in start
    return self.obj.start()
[2019-01-19 14:08:42,513: DEBUG/ForkPoolWorker-3] Starting new HTTP connection (1): 127.0.0.1:60708
[2019-01-19 14:08:42,514: WARNING/ForkPoolWorker-2] File "/Users/mymac/PycharmProjects/DreamTV_world/venv/lib/python3.7/site-packages/celery/concurrency/base.py", line 131, in start
    self.on_start()
[2019-01-19 14:08:42,515: WARNING/ForkPoolWorker-2] File "/Users/mymac/PycharmProjects/DreamTV_world/venv/lib/python3.7/site-packages/celery/concurrency/prefork.py", line 112, in on_start
    **self.options)
[2019-01-19 14:08:42,516: WARNING/ForkPoolWorker-2] File "/Users/mymac/PycharmProjects/DreamTV_world/venv/lib/python3.7/site-packages/celery/concurrency/asynpool.py", line 432, in __init__
    super(AsynPool, self).__init__(processes, *args, **kwargs)
[2019-01-19 14:08:42,517: WARNING/ForkPoolWorker-2] File "/Users/mymac/PycharmProjects/DreamTV_world/venv/lib/python3.7/site-packages/billiard/pool.py", line 1007, in __init__
    self._create_worker_process(i)
[2019-01-19 14:08:42,518: WARNING/ForkPoolWorker-2] File "/Users/mymac/PycharmProjects/DreamTV_world/venv/lib/python3.7/site-packages/celery/concurrency/asynpool.py", line 449, in _create_worker_process
    return super(AsynPool, self)._create_worker_process(i)
[2019-01-19 14:08:42,519: WARNING/ForkPoolWorker-2] File "/Users/mymac/PycharmProjects/DreamTV_world/venv/lib/python3.7/site-packages/billiard/pool.py", line 1116, in _create_worker_process
    w.start()
[2019-01-19 14:08:42,520: DEBUG/ForkPoolWorker-3] http://127.0.0.1:60708 "DELETE /wd/hub/session/f2108ac0-1be2-11e9-9944-8b859b33b988 HTTP/1.1" 200 74
[2019-01-19 14:08:42,520: WARNING/ForkPoolWorker-2] File "/Users/mymac/PycharmProjects/DreamTV_world/venv/lib/python3.7/site-packages/billiard/process.py", line 124, in start
    self._popen = self._Popen(self)
[2019-01-19 14:08:42,521: WARNING/ForkPoolWorker-2] File "/Users/mymac/PycharmProjects/DreamTV_world/venv/lib/python3.7/site-packages/billiard/context.py", line 333, in _Popen
    return Popen(process_obj)
[2019-01-19 14:08:42,522: DEBUG/ForkPoolWorker-3] Finished Request
[2019-01-19 14:08:42,523: WARNING/ForkPoolWorker-2] File "/Users/mymac/PycharmProjects/DreamTV_world/venv/lib/python3.7/site-packages/billiard/popen_fork.py", line 24, in __init__
    self._launch(process_obj)
[2019-01-19 14:08:42,524: WARNING/ForkPoolWorker-2] File "/Users/mymac/PycharmProjects/DreamTV_world/venv/lib/python3.7/site-packages/billiard/popen_fork.py", line 79, in _launch
    code = process_obj._bootstrap()
[2019-01-19 14:08:42,526: WARNING/ForkPoolWorker-2] File "/Users/mymac/PycharmProjects/DreamTV_world/venv/lib/python3.7/site-packages/billiard/process.py", line 327, in _bootstrap
    self.run()
[2019-01-19 14:08:42,527: WARNING/ForkPoolWorker-2] File "/Users/mymac/PycharmProjects/DreamTV_world/venv/lib/python3.7/site-packages/billiard/process.py", line 114, in run
    self._target(*self._args, **self._kwargs)
[2019-01-19 14:08:42,528: WARNING/ForkPoolWorker-2] File "/Users/mymac/PycharmProjects/DreamTV_world/venv/lib/python3.7/site-packages/billiard/pool.py", line 289, in __call__
    sys.exit(self.workloop(pid=pid))
[2019-01-19 14:08:42,530: WARNING/ForkPoolWorker-2] File "/Users/mymac/PycharmProjects/DreamTV_world/venv/lib/python3.7/site-packages/billiard/pool.py", line 358, in workloop
    result = (True, prepare_result(fun(*args, **kwargs)))
[2019-01-19 14:08:42,532: WARNING/ForkPoolWorker-2] File "/Users/mymac/PycharmProjects/DreamTV_world/venv/lib/python3.7/site-packages/celery/app/trace.py", line 549, in _fast_trace_task
    uuid, args, kwargs, request,
[2019-01-19 14:08:42,533: WARNING/ForkPoolWorker-2] File "/Users/mymac/PycharmProjects/DreamTV_world/venv/lib/python3.7/site-packages/celery/app/trace.py", line 382, in trace_task
    R = retval = fun(*args, **kwargs)
[2019-01-19 14:08:42,535: WARNING/ForkPoolWorker-2] File "/Users/mymac/PycharmProjects/DreamTV_world/venv/lib/python3.7/site-packages/celery/app/trace.py", line 641, in __protected_call__
    return self.run(*args, **kwargs)
[2019-01-19 14:08:42,536: WARNING/ForkPoolWorker-2] File "/Users/mymac/PycharmProjects/DreamTV_world/DreamTV_world/tasks.py", line 220, in task_parse_url
    logger.info('FAZE 2 find !anc! --------------------------------', tmp_res)
[2019-01-19 14:08:42,537: WARNING/ForkPoolWorker-2] Message: 'FAZE 2 find !anc! --------------------------------'
Arguments: ('http://jarvisvideos.xyz/watch/!key!',)
[2019-01-19 14:08:42,539: WARNING/ForkPoolWorker-2] --- Logging error ---
[2019-01-19 14:08:42,540: WARNING/ForkPoolWorker-2] Traceback (most recent call last):
[2019-01-19 14:08:42,542: WARNING/ForkPoolWorker-2] File "/usr/local/Cellar/python/3.7.0/Frameworks/Python.framework/Versions/3.7/lib/python3.7/logging/__init__.py", line 983, in emit
    msg = self.format(record)
[2019-01-19 14:08:42,543: WARNING/ForkPoolWorker-2] File "/usr/local/Cellar/python/3.7.0/Frameworks/Python.framework/Versions/3.7/lib/python3.7/logging/__init__.py", line 829, in format
    return fmt.format(record)
[2019-01-19 14:08:42,544: WARNING/ForkPoolWorker-2] File "/Users/mymac/PycharmProjects/DreamTV_world/venv/lib/python3.7/site-packages/celery/app/log.py", line 46, in format
    return ColorFormatter.format(self, record)
[2019-01-19 14:08:42,545: WARNING/ForkPoolWorker-2] File "/Users/mymac/PycharmProjects/DreamTV_world/venv/lib/python3.7/site-packages/celery/utils/log.py", line 153, in format
    msg = logging.Formatter.format(self, record)
[2019-01-19 14:08:42,547: WARNING/ForkPoolWorker-2] File "/usr/local/Cellar/python/3.7.0/Frameworks/Python.framework/Versions/3.7/lib/python3.7/logging/__init__.py", line 569, in format
    record.message = record.getMessage()
[2019-01-19 14:08:42,548: WARNING/ForkPoolWorker-2] File "/usr/local/Cellar/python/3.7.0/Frameworks/Python.framework/Versions/3.7/lib/python3.7/logging/__init__.py", line 331, in getMessage
    msg = msg % self.args
[2019-01-19 14:08:42,549: WARNING/ForkPoolWorker-2] TypeError: not all arguments converted during string formatting
[2019-01-19 14:08:42,550: WARNING/ForkPoolWorker-2] Call stack:
[2019-01-19 14:08:42,553: WARNING/ForkPoolWorker-2] File "/Users/mymac/PycharmProjects/DreamTV_world/venv/bin/celery", line 11, in <module>
    sys.exit(main())
[2019-01-19 14:08:42,554: WARNING/ForkPoolWorker-3] --- Logging error ---
[2019-01-19 14:08:42,554: WARNING/ForkPoolWorker-2] File "/Users/mymac/PycharmProjects/DreamTV_world/venv/lib/python3.7/site-packages/celery/__main__.py", line 16, in main
    _main()
[2019-01-19 14:08:42,555: WARNING/ForkPoolWorker-2] File "/Users/mymac/PycharmProjects/DreamTV_world/venv/lib/python3.7/site-packages/celery/bin/celery.py", line 322, in main
    cmd.execute_from_commandline(argv)
[2019-01-19 14:08:42,556: WARNING/ForkPoolWorker-3] Traceback (most recent call last):
[2019-01-19 14:08:42,557: WARNING/ForkPoolWorker-2] File "/Users/mymac/PycharmProjects/DreamTV_world/venv/lib/python3.7/site-packages/celery/bin/celery.py", line 496, in execute_from_commandline
    super(CeleryCommand, self).execute_from_commandline(argv)))
[2019-01-19 14:08:42,558: WARNING/ForkPoolWorker-3] File "/usr/local/Cellar/python/3.7.0/Frameworks/Python.framework/Versions/3.7/lib/python3.7/logging/__init__.py", line 983, in emit
    msg = self.format(record)
[2019-01-19 14:08:42,558: WARNING/ForkPoolWorker-2] File "/Users/mymac/PycharmProjects/DreamTV_world/venv/lib/python3.7/site-packages/celery/bin/base.py", line 275, in execute_from_commandline
    return self.handle_argv(self.prog_name, argv[1:])
[2019-01-19 14:08:42,559: WARNING/ForkPoolWorker-3] File "/usr/local/Cellar/python/3.7.0/Frameworks/Python.framework/Versions/3.7/lib/python3.7/logging/__init__.py", line 829, in format
    return fmt.format(record)
[2019-01-19 14:08:42,560: WARNING/ForkPoolWorker-2] File "/Users/mymac/PycharmProjects/DreamTV_world/venv/lib/python3.7/site-packages/celery/bin/celery.py", line 488, in handle_argv
    return self.execute(command, argv)
[2019-01-19 14:08:42,561: WARNING/ForkPoolWorker-3] File "/Users/mymac/PycharmProjects/DreamTV_world/venv/lib/python3.7/site-packages/celery/app/log.py", line 46, in format
    return ColorFormatter.format(self, record)
[2019-01-19 14:08:42,561: WARNING/ForkPoolWorker-2] File "/Users/mymac/PycharmProjects/DreamTV_world/venv/lib/python3.7/site-packages/celery/bin/celery.py", line 420, in execute
    ).run_from_argv(self.prog_name, argv[1:], command=argv[0])
[2019-01-19 14:08:42,562: WARNING/ForkPoolWorker-3] File "/Users/mymac/PycharmProjects/DreamTV_world/venv/lib/python3.7/site-packages/celery/utils/log.py", line 153, in format
    msg = logging.Formatter.format(self, record)
[2019-01-19 14:08:42,562: WARNING/ForkPoolWorker-2] File "/Users/mymac/PycharmProjects/DreamTV_world/venv/lib/python3.7/site-packages/celery/bin/worker.py", line 223, in run_from_argv
    return self(*args, **options)
[2019-01-19 14:08:42,563: WARNING/ForkPoolWorker-3] File "/usr/local/Cellar/python/3.7.0/Frameworks/Python.framework/Versions/3.7/lib/python3.7/logging/__init__.py", line 569, in format
    record.message = record.getMessage()
[2019-01-19 14:08:42,564: WARNING/ForkPoolWorker-2] File "/Users/mymac/PycharmProjects/DreamTV_world/venv/lib/python3.7/site-packages/celery/bin/base.py", line 238, in __call__
    ret = self.run(*args, **kwargs)
[2019-01-19 14:08:42,565: WARNING/ForkPoolWorker-2] File "/Users/mymac/PycharmProjects/DreamTV_world/venv/lib/python3.7/site-packages/celery/bin/worker.py", line 258, in run
    worker.start()
[2019-01-19 14:08:42,565: WARNING/ForkPoolWorker-3] File "/usr/local/Cellar/python/3.7.0/Frameworks/Python.framework/Versions/3.7/lib/python3.7/logging/__init__.py", line 331, in getMessage
    msg = msg % self.args
[2019-01-19 14:08:42,565: WARNING/ForkPoolWorker-2] File "/Users/mymac/PycharmProjects/DreamTV_world/venv/lib/python3.7/site-packages/celery/worker/worker.py", line 205, in start
    self.blueprint.start(self)
[2019-01-19 14:08:42,566: WARNING/ForkPoolWorker-3] TypeError: not all arguments converted during string formatting
[2019-01-19 14:08:42,567: WARNING/ForkPoolWorker-2] File "/Users/mymac/PycharmProjects/DreamTV_world/venv/lib/python3.7/site-packages/celery/bootsteps.py", line 119, in start
    step.start(parent)
[2019-01-19 14:08:42,567: WARNING/ForkPoolWorker-3] Call stack:
[2019-01-19 14:08:42,568: WARNING/ForkPoolWorker-2] File "/Users/mymac/PycharmProjects/DreamTV_world/venv/lib/python3.7/site-packages/celery/bootsteps.py", line 369, in start
    return self.obj.start()
[2019-01-19 14:08:42,569: WARNING/ForkPoolWorker-2] File "/Users/mymac/PycharmProjects/DreamTV_world/venv/lib/python3.7/site-packages/celery/concurrency/base.py", line 131, in start
    self.on_start()
[2019-01-19 14:08:42,570: WARNING/ForkPoolWorker-2] File "/Users/mymac/PycharmProjects/DreamTV_world/venv/lib/python3.7/site-packages/celery/concurrency/prefork.py", line 112, in on_start
    **self.options)
[2019-01-19 14:08:42,571: WARNING/ForkPoolWorker-3] File "/Users/mymac/PycharmProjects/DreamTV_world/venv/bin/celery", line 11, in <module>
    sys.exit(main())
[2019-01-19 14:08:42,571: WARNING/ForkPoolWorker-2] File "/Users/mymac/PycharmProjects/DreamTV_world/venv/lib/python3.7/site-packages/celery/concurrency/asynpool.py", line 432, in __init__
    super(AsynPool, self).__init__(processes, *args, **kwargs)
[2019-01-19 14:08:42,572: WARNING/ForkPoolWorker-2] File "/Users/mymac/PycharmProjects/DreamTV_world/venv/lib/python3.7/site-packages/billiard/pool.py", line 1007, in __init__
    self._create_worker_process(i)
[2019-01-19 14:08:42,572: WARNING/ForkPoolWorker-3] File "/Users/mymac/PycharmProjects/DreamTV_world/venv/lib/python3.7/site-packages/celery/__main__.py", line 16, in main
    _main()
[2019-01-19 14:08:42,573: WARNING/ForkPoolWorker-2] File "/Users/mymac/PycharmProjects/DreamTV_world/venv/lib/python3.7/site-packages/celery/concurrency/asynpool.py", line 449, in _create_worker_process
    return super(AsynPool, self)._create_worker_process(i)
[2019-01-19 14:08:42,573: WARNING/ForkPoolWorker-3] File "/Users/mymac/PycharmProjects/DreamTV_world/venv/lib/python3.7/site-packages/celery/bin/celery.py", line 322, in main
    cmd.execute_from_commandline(argv)
[2019-01-19 14:08:42,574: WARNING/ForkPoolWorker-2] File "/Users/mymac/PycharmProjects/DreamTV_world/venv/lib/python3.7/site-packages/billiard/pool.py", line 1116, in _create_worker_process
    w.start()
[2019-01-19 14:08:42,574: WARNING/ForkPoolWorker-3] File "/Users/mymac/PycharmProjects/DreamTV_world/venv/lib/python3.7/site-packages/celery/bin/celery.py", line 496, in execute_from_commandline
    super(CeleryCommand, self).execute_from_commandline(argv)))
[2019-01-19 14:08:42,575: WARNING/ForkPoolWorker-2] File "/Users/mymac/PycharmProjects/DreamTV_world/venv/lib/python3.7/site-packages/billiard/process.py", line 124, in start
    self._popen = self._Popen(self)
[2019-01-19 14:08:42,576: WARNING/ForkPoolWorker-3] File "/Users/mymac/PycharmProjects/DreamTV_world/venv/lib/python3.7/site-packages/celery/bin/base.py", line 275, in execute_from_commandline
    return self.handle_argv(self.prog_name, argv[1:])
[2019-01-19 14:08:42,576: WARNING/ForkPoolWorker-2] File "/Users/mymac/PycharmProjects/DreamTV_world/venv/lib/python3.7/site-packages/billiard/context.py", line 333, in _Popen
    return Popen(process_obj)
[2019-01-19 14:08:42,577: WARNING/ForkPoolWorker-2] File "/Users/mymac/PycharmProjects/DreamTV_world/venv/lib/python3.7/site-packages/billiard/popen_fork.py", line 24, in __init__
    self._launch(process_obj)
[2019-01-19 14:08:42,577: WARNING/ForkPoolWorker-3] File "/Users/mymac/PycharmProjects/DreamTV_world/venv/lib/python3.7/site-packages/celery/bin/celery.py", line 488, in handle_argv
    return self.execute(command, argv)
[2019-01-19 14:08:42,578: WARNING/ForkPoolWorker-2] File "/Users/mymac/PycharmProjects/DreamTV_world/venv/lib/python3.7/site-packages/billiard/popen_fork.py", line 79, in _launch
    code = process_obj._bootstrap()
[2019-01-19 14:08:42,578: WARNING/ForkPoolWorker-3] File "/Users/mymac/PycharmProjects/DreamTV_world/venv/lib/python3.7/site-packages/celery/bin/celery.py", line 420, in execute
    ).run_from_argv(self.prog_name, argv[1:], command=argv[0])
[2019-01-19 14:08:42,579: WARNING/ForkPoolWorker-2] File "/Users/mymac/PycharmProjects/DreamTV_world/venv/lib/python3.7/site-packages/billiard/process.py", line 327, in _bootstrap
    self.run()
[2019-01-19 14:08:42,580: WARNING/ForkPoolWorker-3] File "/Users/mymac/PycharmProjects/DreamTV_world/venv/lib/python3.7/site-packages/celery/bin/worker.py", line 223, in run_from_argv
    return self(*args, **options)
[2019-01-19 14:08:42,581: WARNING/ForkPoolWorker-2] File "/Users/mymac/PycharmProjects/DreamTV_world/venv/lib/python3.7/site-packages/billiard/process.py", line 114, in run
    self._target(*self._args, **self._kwargs)
[2019-01-19 14:08:42,582: WARNING/ForkPoolWorker-3] File "/Users/mymac/PycharmProjects/DreamTV_world/venv/lib/python3.7/site-packages/celery/bin/base.py", line 238, in __call__
    ret = self.run(*args, **kwargs)
[2019-01-19 14:08:42,582: WARNING/ForkPoolWorker-2] File "/Users/mymac/PycharmProjects/DreamTV_world/venv/lib/python3.7/site-packages/billiard/pool.py", line 289, in __call__
    sys.exit(self.workloop(pid=pid))
[2019-01-19 14:08:42,583: WARNING/ForkPoolWorker-3] File "/Users/mymac/PycharmProjects/DreamTV_world/venv/lib/python3.7/site-packages/celery/bin/worker.py", line 258, in run
    worker.start()
[2019-01-19 14:08:42,584: WARNING/ForkPoolWorker-2] File "/Users/mymac/PycharmProjects/DreamTV_world/venv/lib/python3.7/site-packages/billiard/pool.py", line 358, in workloop
    result = (True, prepare_result(fun(*args, **kwargs)))
[2019-01-19 14:08:42,584: WARNING/ForkPoolWorker-3] File "/Users/mymac/PycharmProjects/DreamTV_world/venv/lib/python3.7/site-packages/celery/worker/worker.py", line 205, in start
    self.blueprint.start(self)
[2019-01-19 14:08:42,585: WARNING/ForkPoolWorker-2] File "/Users/mymac/PycharmProjects/DreamTV_world/venv/lib/python3.7/site-packages/celery/app/trace.py", line 549, in _fast_trace_task
    uuid, args, kwargs, request,
[2019-01-19 14:08:42,585: WARNING/ForkPoolWorker-3] File "/Users/mymac/PycharmProjects/DreamTV_world/venv/lib/python3.7/site-packages/celery/bootsteps.py", line 119, in start
    step.start(parent)
[2019-01-19 14:08:42,586: WARNING/ForkPoolWorker-2] File "/Users/mymac/PycharmProjects/DreamTV_world/venv/lib/python3.7/site-packages/celery/app/trace.py", line 382, in trace_task
    R = retval = fun(*args, **kwargs)
[2019-01-19 14:08:42,586: WARNING/ForkPoolWorker-3] File "/Users/mymac/PycharmProjects/DreamTV_world/venv/lib/python3.7/site-packages/celery/bootsteps.py", line 369, in start
    return self.obj.start()
[2019-01-19 14:08:42,586: WARNING/ForkPoolWorker-2] File "/Users/mymac/PycharmProjects/DreamTV_world/venv/lib/python3.7/site-packages/celery/app/trace.py", line 641, in __protected_call__
    return self.run(*args, **kwargs)
[2019-01-19 14:08:42,587: WARNING/ForkPoolWorker-2] File "/Users/mymac/PycharmProjects/DreamTV_world/DreamTV_world/tasks.py", line 275, in task_parse_url
    logger.info('RESULT: ', res['url'],  'It is OK !!!')
[2019-01-19 14:08:42,587: WARNING/ForkPoolWorker-3] File "/Users/mymac/PycharmProjects/DreamTV_world/venv/lib/python3.7/site-packages/celery/concurrency/base.py", line 131, in start
    self.on_start()
[2019-01-19 14:08:42,588: WARNING/ForkPoolWorker-3] File "/Users/mymac/PycharmProjects/DreamTV_world/venv/lib/python3.7/site-packages/celery/concurrency/prefork.py", line 112, in on_start
    **self.options)
[2019-01-19 14:08:42,588: WARNING/ForkPoolWorker-2] Message: 'RESULT: '
Arguments: ('http://jarvisvideos.xyz/watch/!key!', 'It is OK !!!')
[2019-01-19 14:08:42,589: WARNING/ForkPoolWorker-3] File "/Users/mymac/PycharmProjects/DreamTV_world/venv/lib/python3.7/site-packages/celery/concurrency/asynpool.py", line 432, in __init__
    super(AsynPool, self).__init__(processes, *args, **kwargs)
[2019-01-19 14:08:42,589: INFO/ForkPoolWorker-2] DreamTV_world.tasks.task_parse_url[7724050e-22cc-4522-9ae1-92496542a733]: {'url': 'http://jarvisvideos.xyz/watch/!key!', 'need_manual_check': False, 'error': None}
[2019-01-19 14:08:42,590: WARNING/ForkPoolWorker-3] File "/Users/mymac/PycharmProjects/DreamTV_world/venv/lib/python3.7/site-packages/billiard/pool.py", line 1007, in __init__
    self._create_worker_process(i)
[2019-01-19 14:08:42,591: WARNING/ForkPoolWorker-3] File "/Users/mymac/PycharmProjects/DreamTV_world/venv/lib/python3.7/site-packages/celery/concurrency/asynpool.py", line 449, in _create_worker_process
    return super(AsynPool, self)._create_worker_process(i)
[2019-01-19 14:08:42,592: WARNING/ForkPoolWorker-3] File "/Users/mymac/PycharmProjects/DreamTV_world/venv/lib/python3.7/site-packages/billiard/pool.py", line 1116, in _create_worker_process
    w.start()
[2019-01-19 14:08:42,593: WARNING/ForkPoolWorker-3] File "/Users/mymac/PycharmProjects/DreamTV_world/venv/lib/python3.7/site-packages/billiard/process.py", line 124, in start
    self._popen = self._Popen(self)
[2019-01-19 14:08:42,594: WARNING/ForkPoolWorker-3] File "/Users/mymac/PycharmProjects/DreamTV_world/venv/lib/python3.7/site-packages/billiard/context.py", line 333, in _Popen
    return Popen(process_obj)
[2019-01-19 14:08:42,595: WARNING/ForkPoolWorker-3] File "/Users/mymac/PycharmProjects/DreamTV_world/venv/lib/python3.7/site-packages/billiard/popen_fork.py", line 24, in __init__
    self._launch(process_obj)
[2019-01-19 14:08:42,596: WARNING/ForkPoolWorker-3] File "/Users/mymac/PycharmProjects/DreamTV_world/venv/lib/python3.7/site-packages/billiard/popen_fork.py", line 79, in _launch
    code = process_obj._bootstrap()
[2019-01-19 14:08:42,597: WARNING/ForkPoolWorker-3] File "/Users/mymac/PycharmProjects/DreamTV_world/venv/lib/python3.7/site-packages/billiard/process.py", line 327, in _bootstrap
    self.run()
[2019-01-19 14:08:42,598: WARNING/ForkPoolWorker-3] File "/Users/mymac/PycharmProjects/DreamTV_world/venv/lib/python3.7/site-packages/billiard/process.py", line 114, in run
    self._target(*self._args, **self._kwargs)
[2019-01-19 14:08:42,600: WARNING/ForkPoolWorker-3] File "/Users/mymac/PycharmProjects/DreamTV_world/venv/lib/python3.7/site-packages/billiard/pool.py", line 289, in __call__
    sys.exit(self.workloop(pid=pid))
[2019-01-19 14:08:42,601: WARNING/ForkPoolWorker-3] File "/Users/mymac/PycharmProjects/DreamTV_world/venv/lib/python3.7/site-packages/billiard/pool.py", line 358, in workloop
    result = (True, prepare_result(fun(*args, **kwargs)))
[2019-01-19 14:08:42,603: WARNING/ForkPoolWorker-3] File "/Users/mymac/PycharmProjects/DreamTV_world/venv/lib/python3.7/site-packages/celery/app/trace.py", line 549, in _fast_trace_task
    uuid, args, kwargs, request,
[2019-01-19 14:08:42,604: WARNING/ForkPoolWorker-3] File "/Users/mymac/PycharmProjects/DreamTV_world/venv/lib/python3.7/site-packages/celery/app/trace.py", line 382, in trace_task
    R = retval = fun(*args, **kwargs)
[2019-01-19 14:08:42,605: WARNING/ForkPoolWorker-3] File "/Users/mymac/PycharmProjects/DreamTV_world/venv/lib/python3.7/site-packages/celery/app/trace.py", line 641, in __protected_call__
    return self.run(*args, **kwargs)
[2019-01-19 14:08:42,607: WARNING/ForkPoolWorker-3] File "/Users/mymac/PycharmProjects/DreamTV_world/DreamTV_world/tasks.py", line 273, in task_parse_url
    logger.info('RESULT: ', res['url'],  'BUT IT NEAD MANUAL CHECK')
[2019-01-19 14:08:42,607: INFO/ForkPoolWorker-2] DreamTV_world.tasks.task_parse_url[7724050e-22cc-4522-9ae1-92496542a733]: Result is removed from UrlStack and added to our base! SUCCSESS!!!!!*********
[2019-01-19 14:08:42,608: WARNING/ForkPoolWorker-3] Message: 'RESULT: '
Arguments: ('http://www.asintado.su/watch?v=!key!', 'BUT IT NEAD MANUAL CHECK')
[2019-01-19 14:08:42,609: INFO/ForkPoolWorker-3] DreamTV_world.tasks.task_parse_url[ebe0b864-8797-4f8f-b7f4-7c8addc0a7ed]: {'url': 'http://www.asintado.su/watch?v=!key!', 'need_manual_check': True, 'error': None}
[2019-01-19 14:08:42,611: INFO/ForkPoolWorker-2] Task DreamTV_world.tasks.task_parse_url[7724050e-22cc-4522-9ae1-92496542a733] succeeded in 21.08151109100001s: {'url': 'http://jarvisvideos.xyz/watch/!key!', 'need_manual_check': False, 'error': None}
[2019-01-19 14:08:42,614: DEBUG/MainProcess] TaskPool: Apply <function _fast_trace_task at 0x10c47e488> (args:('DreamTV_world.tasks.task_parse_url', 'c39ec9f7-36e2-42b3-9d54-60b7c51ac787', {'lang': 'py', 'task': 'DreamTV_world.tasks.task_parse_url', 'id': 'c39ec9f7-36e2-42b3-9d54-60b7c51ac787', 'shadow': None, 'eta': None, 'expires': None, 'group': None, 'retries': 0, 'timelimit': [None, None], 'root_id': 'c39ec9f7-36e2-42b3-9d54-60b7c51ac787', 'parent_id': None, 'argsrepr': "('aaAvPFpXoZc', '10-vsego-samogo-bolshogo-v-mire', 'https://scaricare.us/watch?v=aaAvPFpXoZc')", 'kwargsrepr': '{}', 'origin': 'gen13109@MacBook-Pro-Aleksej-2.local', 'reply_to': '215cf582-06aa-3039-9b8c-0ad85b73ff8e', 'correlation_id': 'c39ec9f7-36e2-42b3-9d54-60b7c51ac787', 'delivery_info': {'exchange': '', 'routing_key': 'celery', 'priority': 0, 'redelivered': None}}, b'[["aaAvPFpXoZc", "10-vsego-samogo-bolshogo-v-mire", "https://scaricare.us/watch?v=aaAvPFpXoZc"], {}, {"callbacks": null, "errbacks": null, "chain": null, "chord": null}]', 'application/json', 'utf-8') kwargs:{})
[2019-01-19 14:08:42,617: DEBUG/MainProcess] Task accepted: DreamTV_world.tasks.task_parse_url[c39ec9f7-36e2-42b3-9d54-60b7c51ac787] pid:13618
[2019-01-19 14:08:42,619: WARNING/ForkPoolWorker-2] --- Logging error ---
[2019-01-19 14:08:42,621: WARNING/ForkPoolWorker-2] Traceback (most recent call last):
[2019-01-19 14:08:42,623: WARNING/ForkPoolWorker-2] File "/usr/local/Cellar/python/3.7.0/Frameworks/Python.framework/Versions/3.7/lib/python3.7/logging/__init__.py", line 983, in emit
    msg = self.format(record)
[2019-01-19 14:08:42,624: WARNING/ForkPoolWorker-2] File "/usr/local/Cellar/python/3.7.0/Frameworks/Python.framework/Versions/3.7/lib/python3.7/logging/__init__.py", line 829, in format
    return fmt.format(record)
[2019-01-19 14:08:42,626: WARNING/ForkPoolWorker-2] File "/Users/mymac/PycharmProjects/DreamTV_world/venv/lib/python3.7/site-packages/celery/app/log.py", line 46, in format
    return ColorFormatter.format(self, record)
[2019-01-19 14:08:42,627: WARNING/ForkPoolWorker-2] File "/Users/mymac/PycharmProjects/DreamTV_world/venv/lib/python3.7/site-packages/celery/utils/log.py", line 153, in format
